// Jest Snapshot v1, https://goo.gl/fbAQLP

exports[`Test for GifGridItem component should match component with snapshot 1`] = `
<div
  className="card animate__fadeIn"
  id="card"
>
  <div
    className="img-container"
  >
    <img
      alt="Title test"
      src="https://url.img.com"
    />
  </div>
  <div
    className="footer-contet"
  >
    <p>
      Title test
    </p>
  </div>
</div>
`;
